// Jest Snapshot v1, https://goo.gl/fbAQLP

exports[`JoinGame renders with no props 1`] = `
<div
  className="ant-row ant-row-center ant-row-middle"
  style={Object {}}
>
  <button
    className="ant-btn"
    onClick={[Function]}
    type="button"
  >
    <span>
      Join Game
    </span>
  </button>
  <div
    className="ant-progress ant-progress-circle ant-progress-status-normal ant-progress-show-info ant-progress-default"
    style={
      Object {
        "margin": "0 2vw",
      }
    }
  >
    <div
      className="ant-progress-inner"
      style={
        Object {
          "fontSize": 24,
          "height": 120,
          "width": 120,
        }
      }
    >
      <svg
        className="ant-progress-circle"
        style={Object {}}
        viewBox="0 0 100 100"
      >
        <path
          className="ant-progress-circle-trail"
          d="M 50,50 m 0,-47
   a 47,47 0 1 1 0,94
   a 47,47 0 1 1 0,-94"
          fillOpacity="0"
          stroke={null}
          strokeLinecap="round"
          strokeWidth={6}
          style={
            Object {
              "stroke": undefined,
              "strokeDasharray": "295.3097094374406px 295.3097094374406px",
              "strokeDashoffset": "-0px",
              "transition": "stroke-dashoffset .3s ease 0s, stroke-dasharray .3s ease 0s, stroke .3s, stroke-width .06s ease .3s, opacity .3s ease 0s",
            }
          }
        />
        <path
          className="ant-progress-circle-path"
          d="M 50,50 m 0,-47
   a 47,47 0 1 1 0,94
   a 47,47 0 1 1 0,-94"
          fillOpacity="0"
          opacity={0}
          stroke=""
          strokeLinecap="round"
          strokeWidth={6}
          style={
            Object {
              "stroke": undefined,
              "strokeDasharray": "0px 295.3097094374406px",
              "strokeDashoffset": "-0px",
              "transition": "stroke-dashoffset .3s ease 0s, stroke-dasharray .3s ease 0s, stroke .3s, stroke-width .06s ease .3s, opacity .3s ease 0s",
            }
          }
        />
      </svg>
      <span
        className="ant-progress-text"
        title="0%"
      >
        0%
      </span>
    </div>
  </div>
  <button
    className="ant-btn"
    onClick={[Function]}
    type="button"
  >
    <span>
      Leave Game
    </span>
  </button>
</div>
`;
